This file contains any messages produced by compilers while
running configure, to aid debugging if configure makes a mistake.

It was created by configure, which was
generated by GNU Autoconf 2.59.  Invocation command line was

  $ /home/andrew/cs161/cs161-binutils-1.5/binutils-2.17/etc/configure --cache-file=./config.cache --build=x86_64-unknown-linux-gnu --host=x86_64-unknown-linux-gnu --target=mips-linux --with-gnu-as --with-gnu-ld --with-stabs --nfp --prefix=/home/andrew/cs161/tools --program-transform-name=s,^,mips-linux-,;  --srcdir=/home/andrew/cs161/cs161-binutils-1.5/./binutils-2.17/etc

## --------- ##
## Platform. ##
## --------- ##

hostname = andrews-laptop
uname -m = x86_64
uname -r = 6.12.107+deb13-amd64
uname -s = Linux
uname -v = #1 SMP PREEMPT_DYNAMIC Debian 6.12.107-1 (2026-08-29)

/usr/bin/uname -p = unknown
/bin/uname -X     = unknown

/bin/arch              = x86_64
/usr/bin/arch -k       = unknown
/usr/convex/getsysinfo = unknown
hostinfo               = unknown
/bin/machine           = unknown
/usr/bin/oslevel       = unknown
/bin/universe          = unknown

PATH: /home/andrew/Documents/Fall26/COMP-3500-OS/Projects/Project 2/os161-1.10/bin
PATH: /home/andrew/.nvm/versions/node/v22.22.0/bin
PATH: /usr/local/MATLAB/R2025a/bin
PATH: /opt/st/cubeprog/bin
PATH: /opt/st/arm-gcc/bin
PATH: /home/andrew/.local/bin
PATH: /home/andrew/bin
PATH: /usr/share/pyenv/shims
PATH: /usr/share/pyenv/bin
PATH: /usr/local/bin
PATH: /usr/bin
PATH: /bin
PATH: /usr/local/games
PATH: /usr/games
PATH: /snap/bin
PATH: /sbin
PATH: /usr/sbin
PATH: /usr/local/sbin
PATH: /usr/local/go/bin
PATH: /home/andrew/.arduino15/packages/arduino/tools/bossac/1.9.1-arduino5
PATH: /home/andrew/cs161/tools/bin


## ----------- ##
## Core tests. ##
## ----------- ##

configure:1138: creating cache ./config.cache
configure:1257: checking for a BSD-compatible install
configure:1312: result: /usr/bin/install -c
configure:1456: creating ./config.status

## ---------------------- ##
## Running config.status. ##
## ---------------------- ##

This file was extended by config.status, which was
generated by GNU Autoconf 2.59.  Invocation command line was

  CONFIG_FILES    = 
  CONFIG_HEADERS  = 
  CONFIG_LINKS    = 
  CONFIG_COMMANDS = 
  $ ./config.status 

on andrews-laptop

config.status:2140: creating Makefile

## ---------------- ##
## Cache variables. ##
## ---------------- ##

ac_cv_env_build_alias_set='set'
ac_cv_env_build_alias_value='x86_64-unknown-linux-gnu'
ac_cv_env_host_alias_set='set'
ac_cv_env_host_alias_value='x86_64-unknown-linux-gnu'
ac_cv_env_target_alias_set='set'
ac_cv_env_target_alias_value='mips-linux'

## ----------------- ##
## Output variables. ##
## ----------------- ##

DEFS='-DPACKAGE_NAME=\"\" -DPACKAGE_TARNAME=\"\" -DPACKAGE_VERSION=\"\" -DPACKAGE_STRING=\"\" -DPACKAGE_BUGREPORT=\"\" '
ECHO_C='ECHO_N=''
ECHO_T=''
INSTALL_DATA='/usr/bin/install -c -m 644'
INSTALL_PROGRAM='/usr/bin/install -c'
INSTALL_SCRIPT='/usr/bin/install -c'
LIBOBJS=''
LIBS=''
LTLIBOBJS=''
PACKAGE_BUGREPORT=''
PACKAGE_NAME=''
PACKAGE_STRING=''
PACKAGE_TARNAME=''
PACKAGE_VERSION=''
PATH_SEPARATOR=':'
SHELL='/bin/sh'
bindir='${exec_prefix}/bin'
build_alias='x86_64-unknown-linux-gnu'
datadir='${prefix}/share'
datarootdir='/home/andrew/cs161/tools/share'
docdir='/home/andrew/cs161/tools/share/doc'
exec_prefix='${prefix}'
host_alias='x86_64-unknown-linux-gnu'
htmldir='/home/andrew/cs161/tools/share/doc'
includedir='${prefix}/include'
infodir='${prefix}/info'
libdir='${exec_prefix}/lib'
libexecdir='${exec_prefix}/libexec'
localstatedir='${prefix}/var'
mandir='${prefix}/man'
oldincludedir='/usr/include'
prefix='/home/andrew/cs161/tools'
program_transform_name='s,^,mips-linux-,; '
sbindir='${exec_prefix}/sbin'
sharedstatedir='${prefix}/com'
sysconfdir='${prefix}/etc'
target_alias='mips-linux'

## ----------- ##
## confdefs.h. ##
## ----------- ##

#define PACKAGE_BUGREPORT ""
#define PACKAGE_NAME ""
#define PACKAGE_STRING ""
#define PACKAGE_TARNAME ""
#define PACKAGE_VERSION ""

configure: exit 0
