This file contains any messages produced by compilers while
running configure, to aid debugging if configure makes a mistake.

It was created by configure, which was
generated by GNU Autoconf 2.62.  Invocation command line was

  $ /home/andrew/cs161/cs161-gdb-1.5/gdb-6.6+cs161/gdb/configure --cache-file=./config.cache --build=x86_64-unknown-linux-gnu --host=x86_64-unknown-linux-gnu --target=mips-elf --with-stabs --prefix=/home/andrew/cs161/tools --program-transform-name=s,^,mips-elf-,;  --srcdir=/home/andrew/cs161/cs161-gdb-1.5/./gdb-6.6+cs161/gdb

## --------- ##
## Platform. ##
## --------- ##

hostname = andrews-laptop
uname -m = x86_64
uname -r = 6.12.107+deb13-amd64
uname -s = Linux
uname -v = #1 SMP PREEMPT_DYNAMIC Debian 6.12.107-1 (2026-08-29)

/usr/bin/uname -p = unknown
/bin/uname -X     = unknown

/bin/arch              = x86_64
/usr/bin/arch -k       = unknown
/usr/convex/getsysinfo = unknown
/usr/bin/hostinfo      = unknown
/bin/machine           = unknown
/usr/bin/oslevel       = unknown
/bin/universe          = unknown

PATH: /home/andrew/cs161/bin
PATH: /home/andrew/cs161/bin
PATH: /home/andrew/.nvm/versions/node/v22.22.0/bin
PATH: /usr/local/MATLAB/R2025a/bin
PATH: /opt/st/cubeprog/bin
PATH: /opt/st/arm-gcc/bin
PATH: /home/andrew/.local/bin
PATH: /home/andrew/bin
PATH: /usr/share/pyenv/shims
PATH: /usr/share/pyenv/bin
PATH: /usr/local/bin
PATH: /usr/bin
PATH: /bin
PATH: /usr/local/games
PATH: /usr/games
PATH: /snap/bin
PATH: /sbin
PATH: /usr/sbin
PATH: /usr/local/sbin
PATH: /usr/local/go/bin
PATH: /home/andrew/.arduino15/packages/arduino/tools/bossac/1.9.1-arduino5
PATH: /home/andrew/cs161/tools/bin


## ----------- ##
## Core tests. ##
## ----------- ##

configure:1885: loading cache ./config.cache
configure:1981: checking whether to enable maintainer-specific portions of Makefiles
configure:1990: result: no
configure:2014: checking for x86_64-unknown-linux-gnu-gcc
configure:2041: result: gcc
configure:2319: checking for C compiler version
configure:2327: gcc --version >&5
gcc (Debian 14.2.0-19) 14.2.0
Copyright (C) 2024 Free Software Foundation, Inc.
This is free software; see the source for copying conditions.  There is NO
warranty; not even for MERCHANTABILITY or FITNESS FOR A PARTICULAR PURPOSE.

configure:2331: $? = 0
configure:2338: gcc -v >&5
Using built-in specs.
COLLECT_GCC=gcc
COLLECT_LTO_WRAPPER=/usr/libexec/gcc/x86_64-linux-gnu/14/lto-wrapper
OFFLOAD_TARGET_NAMES=nvptx-none:amdgcn-amdhsa
OFFLOAD_TARGET_DEFAULT=1
Target: x86_64-linux-gnu
Configured with: ../src/configure -v --with-pkgversion='Debian 14.2.0-19' --with-bugurl=file:///usr/share/doc/gcc-14/README.Bugs --enable-languages=c,ada,c++,go,d,fortran,objc,obj-c++,m2,rust --prefix=/usr --with-gcc-major-version-only --program-suffix=-14 --program-prefix=x86_64-linux-gnu- --enable-shared --enable-linker-build-id --libexecdir=/usr/libexec --without-included-gettext --enable-threads=posix --libdir=/usr/lib --enable-nls --enable-bootstrap --enable-clocale=gnu --enable-libstdcxx-debug --enable-libstdcxx-time=yes --with-default-libstdcxx-abi=new --enable-libstdcxx-backtrace --enable-gnu-unique-object --disable-vtable-verify --enable-plugin --enable-default-pie --with-system-zlib --enable-libphobos-checking=release --with-target-system-zlib=auto --enable-objc-gc=auto --enable-multiarch --disable-werror --enable-cet --with-arch-32=i686 --with-abi=m64 --with-multilib-list=m32,m64,mx32 --enable-multilib --with-tune=generic --enable-offload-targets=nvptx-none=/build/reproducible-path/gcc-14-14.2.0/debian/tmp-nvptx/usr,amdgcn-amdhsa=/build/reproducible-path/gcc-14-14.2.0/debian/tmp-gcn/usr --enable-offload-defaulted --without-cuda-driver --enable-checking=release --build=x86_64-linux-gnu --host=x86_64-linux-gnu --target=x86_64-linux-gnu --with-build-config=bootstrap-lto-lean --enable-link-serialization=3
Thread model: posix
Supported LTO compression algorithms: zlib zstd
gcc version 14.2.0 (Debian 14.2.0-19) 
configure:2342: $? = 0
configure:2349: gcc -V >&5
gcc: error: unrecognized command-line option '-V'
gcc: fatal error: no input files
compilation terminated.
configure:2353: $? = 1
configure:2376: checking for C compiler default output file name
configure:2398: gcc -fcommon -std=gnu89 -g -O2 -Wno-error   conftest.c  >&5
configure:2402: $? = 0
configure:2440: result: a.out
configure:2457: checking whether the C compiler works
configure:2467: ./a.out
configure:2471: $? = 0
configure:2488: result: yes
configure:2495: checking whether we are cross compiling
configure:2497: result: no
configure:2500: checking for suffix of executables
configure:2507: gcc -o conftest -fcommon -std=gnu89 -g -O2 -Wno-error   conftest.c  >&5
configure:2511: $? = 0
configure:2535: result: 
configure:2541: checking for suffix of object files
configure:2594: result: o
configure:2598: checking whether we are using the GNU C compiler
configure:2651: result: yes
configure:2660: checking whether gcc accepts -g
configure:2798: result: yes
configure:2815: checking for gcc option to accept ISO C89
configure:2919: result: none needed
configure:2943: checking how to run the C preprocessor
configure:3061: result: gcc -E
configure:3090: gcc -E  conftest.c
configure:3097: $? = 0
configure:3128: gcc -E  conftest.c
conftest.c:8:10: fatal error: ac_nonexistent.h: No such file or directory
    8 | #include <ac_nonexistent.h>
      |          ^~~~~~~~~~~~~~~~~~
compilation terminated.
configure:3135: $? = 1
configure: failed program was:
| /* confdefs.h.  */
| #define PACKAGE_NAME ""
| #define PACKAGE_TARNAME ""
| #define PACKAGE_VERSION ""
| #define PACKAGE_STRING ""
| #define PACKAGE_BUGREPORT ""
| /* end confdefs.h.  */
| #include <ac_nonexistent.h>
configure:3173: checking for grep that handles long lines and -e
configure:3233: result: /usr/bin/grep
configure:3238: checking for egrep
configure:3302: result: /usr/bin/grep -E
configure:3307: checking for ANSI C header files
configure:3475: result: yes
configure:3499: checking for sys/types.h
configure:3544: result: yes
configure:3499: checking for sys/stat.h
configure:3544: result: yes
configure:3499: checking for stdlib.h
configure:3544: result: yes
configure:3499: checking for string.h
configure:3544: result: yes
configure:3499: checking for memory.h
configure:3544: result: yes
configure:3499: checking for strings.h
configure:3544: result: yes
configure:3499: checking for inttypes.h
configure:3544: result: yes
configure:3499: checking for stdint.h
configure:3544: result: yes
configure:3499: checking for unistd.h
configure:3544: result: yes
configure:3559: checking for minix/config.h
configure:3564: result: no
configure:3712: checking whether it is safe to define __EXTENSIONS__
configure:3762: result: yes
configure:3788: checking for minix/config.h
configure:3793: result: no
configure:3941: checking whether it is safe to define __EXTENSIONS__
configure:3991: result: yes
configure:4015: checking for library containing strerror
configure:4094: result: none required
configure:4105: checking for gcc option to accept ANSI C
configure:4200: result: none needed
configure:4249: checking build system type
configure:4267: result: x86_64-unknown-linux-gnu
configure:4289: checking host system type
configure:4304: result: x86_64-unknown-linux-gnu
configure:4326: checking target system type
configure:4341: result: mips-unknown-elf
configure:4394: checking whether NLS is requested
configure:4400: result: yes
configure:4408: checking for catalogs to be installed
configure:4440: result: 
configure:4661: checking for libunwind.h
configure:4668: result: no
configure:4806: checking for libunwind-ia64.h
configure:4813: result: no
configure:5275: checking for monstartup
configure:5360: result: yes
configure:5275: checking for _mcleanup
configure:5360: result: yes
configure:5371: checking for _etext
configure:5426: result: yes
configure:5513: checking for gawk
configure:5540: result: gawk
configure:5565: checking for a BSD-compatible install
configure:5633: result: /usr/bin/install -c
configure:5644: checking whether ln -s works
configure:5648: result: yes
configure:5658: checking for x86_64-unknown-linux-gnu-ranlib
configure:5685: result: ranlib
configure:5755: checking for bison
configure:5782: result: bison -y
configure:5798: checking for x86_64-unknown-linux-gnu-ar
configure:5825: result: ar
configure:5894: checking for x86_64-unknown-linux-gnu-dlltool
configure:5921: result: dlltool
configure:5990: checking for x86_64-unknown-linux-gnu-windres
configure:6017: result: windres
configure:6088: checking for x86_64-unknown-linux-gnu-mig
configure:6118: result: no
configure:6128: checking for mig
configure:6158: result: no
configure:6188: checking for main in -lm
configure:6245: result: yes
configure:6261: checking for wctype
configure:6344: result: yes
configure:6428: checking for library containing gethostbyname
configure:6507: result: none required
configure:6517: checking for library containing socketpair
configure:6596: result: none required
configure:6614: checking for library containing waddstr
configure:6693: result: -lncurses
configure:6722: checking for library containing tgetent
configure:6801: result: none required
configure:6856: checking for ld used by GCC
configure:6919: result: ld
configure:6928: checking if the linker (ld) is GNU ld
configure:6940: result: yes
configure:6946: checking for shared library run path origin
configure:6959: result: done
configure:7386: checking for libexpat
configure:7444: result: yes
configure:7453: checking how to link with libexpat
configure:7455: result: -lexpat
configure:7486: checking for dirent.h that defines DIR
configure:7539: result: yes
configure:7553: checking for library containing opendir
configure:7632: result: none required
configure:7730: checking whether stat file-mode macros are broken
configure:7789: result: no
configure:7799: checking for ANSI C header files
configure:7967: result: yes
configure:7982: checking for nlist.h
configure:7989: result: no
configure:8126: checking for link.h
configure:8177: result: yes
configure:8194: checking for machine/reg.h
configure:8201: result: no
configure:8340: checking for poll.h
configure:8347: result: yes
configure:8340: checking for sys/poll.h
configure:8347: result: yes
configure:8487: checking for proc_service.h
configure:8494: result: yes
configure:8487: checking for thread_db.h
configure:8494: result: yes
configure:8487: checking for gnu/libc-version.h
configure:8494: result: yes
configure:8632: checking for stddef.h
configure:8639: result: yes
configure:8777: checking for stdlib.h
configure:8784: result: yes
configure:8922: checking for stdint.h
configure:8929: result: yes
configure:9069: checking for string.h
configure:9076: result: yes
configure:9069: checking for memory.h
configure:9076: result: yes
configure:9069: checking for strings.h
configure:9076: result: yes
configure:9214: checking for sys/fault.h
configure:9221: result: no
configure:9359: checking for sys/file.h
configure:9366: result: yes
configure:9504: checking for sys/filio.h
configure:9511: result: no
configure:9649: checking for sys/ioctl.h
configure:9656: result: yes
configure:9794: checking for sys/param.h
configure:9801: result: yes
configure:9938: checking for sys/proc.h
configure:9986: result: no
configure:10003: checking for sys/procfs.h
configure:10010: result: yes
configure:10149: checking for sys/ptrace.h
configure:10156: result: yes
configure:10149: checking for ptrace.h
configure:10156: result: no
configure:10295: checking for sys/reg.h
configure:10302: result: yes
configure:10295: checking for sys/debugreg.h
configure:10302: result: yes
configure:10440: checking for sys/select.h
configure:10447: result: yes
configure:10585: checking for sys/syscall.h
configure:10592: result: yes
configure:10730: checking for sys/types.h
configure:10737: result: yes
configure:10875: checking for sys/un.h
configure:10882: result: yes
configure:11019: checking for sys/user.h
configure:11067: result: yes
configure:11085: checking for sys/wait.h
configure:11092: result: yes
configure:11085: checking for wait.h
configure:11092: result: yes
configure:11232: checking for termios.h
configure:11239: result: yes
configure:11232: checking for termio.h
configure:11239: result: yes
configure:11232: checking for sgtty.h
configure:11239: result: yes
configure:11377: checking for unistd.h
configure:11384: result: yes
configure:11539: checking for curses.h
configure:11546: result: yes
configure:11539: checking for cursesX.h
configure:11546: result: no
configure:11539: checking for ncurses.h
configure:11546: result: yes
configure:11539: checking for ncurses/ncurses.h
configure:11546: result: no
configure:11684: checking for ncurses/term.h
configure:11691: result: no
configure:11828: checking for term.h
configure:11876: result: yes
configure:11897: checking for ctype.h
configure:11904: result: yes
configure:11897: checking for time.h
configure:11904: result: yes
configure:12052: checking for uintmax_t
configure:12082: gcc -c -fcommon -std=gnu89 -g -O2 -Wno-error  conftest.c >&5
configure:12089: $? = 0
configure:12118: gcc -c -fcommon -std=gnu89 -g -O2 -Wno-error  conftest.c >&5
conftest.c: In function 'main':
conftest.c:81:24: error: expected expression before ')' token
   81 | if (sizeof ((uintmax_t)))
      |                        ^
configure:12125: $? = 1
configure: failed program was:
| /* confdefs.h.  */
| #define PACKAGE_NAME ""
| #define PACKAGE_TARNAME ""
| #define PACKAGE_VERSION ""
| #define PACKAGE_STRING ""
| #define PACKAGE_BUGREPORT ""
| #define STDC_HEADERS 1
| #define HAVE_SYS_TYPES_H 1
| #define HAVE_SYS_STAT_H 1
| #define HAVE_STDLIB_H 1
| #define HAVE_STRING_H 1
| #define HAVE_MEMORY_H 1
| #define HAVE_STRINGS_H 1
| #define HAVE_INTTYPES_H 1
| #define HAVE_STDINT_H 1
| #define HAVE_UNISTD_H 1
| #define __EXTENSIONS__ 1
| #define _ALL_SOURCE 1
| #define _GNU_SOURCE 1
| #define _POSIX_PTHREAD_SEMANTICS 1
| #define _TANDEM_SOURCE 1
| #define __EXTENSIONS__ 1
| #define _ALL_SOURCE 1
| #define _GNU_SOURCE 1
| #define _POSIX_PTHREAD_SEMANTICS 1
| #define _TANDEM_SOURCE 1
| #define ENABLE_NLS 1
| #define PACKAGE "gdb"
| #define DEBUGDIR "/home/andrew/cs161/tools/lib/debug"
| #define DEFAULT_BFD_ARCH bfd_mips_arch
| #define DEFAULT_BFD_VEC bfd_elf32_bigmips_vec
| #define HAVE_MONSTARTUP 1
| #define HAVE__MCLEANUP 1
| #define HAVE__ETEXT 1
| #define HAVE_LIBM 1
| #define HAVE_LIBEXPAT 1
| #define HAVE_DIRENT_H 1
| #define STDC_HEADERS 1
| #define HAVE_LINK_H 1
| #define HAVE_POLL_H 1
| #define HAVE_SYS_POLL_H 1
| #define HAVE_PROC_SERVICE_H 1
| #define HAVE_THREAD_DB_H 1
| #define HAVE_GNU_LIBC_VERSION_H 1
| #define HAVE_STDDEF_H 1
| #define HAVE_STDLIB_H 1
| #define HAVE_STDINT_H 1
| #define HAVE_STRING_H 1
| #define HAVE_MEMORY_H 1
| #define HAVE_STRINGS_H 1
| #define HAVE_SYS_FILE_H 1
| #define HAVE_SYS_IOCTL_H 1
| #define HAVE_SYS_PARAM_H 1
| #define HAVE_SYS_PROCFS_H 1
| #define HAVE_SYS_PTRACE_H 1
| #define HAVE_SYS_REG_H 1
| #define HAVE_SYS_DEBUGREG_H 1
| #define HAVE_SYS_SELECT_H 1
| #define HAVE_SYS_SYSCALL_H 1
| #define HAVE_SYS_TYPES_H 1
| #define HAVE_SYS_UN_H 1
| #define HAVE_SYS_USER_H 1
| #define HAVE_SYS_WAIT_H 1
| #define HAVE_WAIT_H 1
| #define HAVE_TERMIOS_H 1
| #define HAVE_TERMIO_H 1
| #define HAVE_SGTTY_H 1
| #define HAVE_UNISTD_H 1
| #define HAVE_CURSES_H 1
| #define HAVE_NCURSES_H 1
| #define HAVE_TERM_H 1
| #define HAVE_CTYPE_H 1
| #define HAVE_TIME_H 1
| /* end confdefs.h.  */
| #include <sys/types.h>
| #include <stdint.h>
| 
| int
| main ()
| {
| if (sizeof ((uintmax_t)))
| 	  return 0;
|   ;
|   return 0;
| }
configure:12148: result: yes
configure:12156: checking for uintptr_t
configure:12186: gcc -c -fcommon -std=gnu89 -g -O2 -Wno-error  conftest.c >&5
configure:12193: $? = 0
configure:12222: gcc -c -fcommon -std=gnu89 -g -O2 -Wno-error  conftest.c >&5
conftest.c: In function 'main':
conftest.c:81:24: error: expected expression before ')' token
   81 | if (sizeof ((uintptr_t)))
      |                        ^
configure:12229: $? = 1
configure: failed program was:
| /* confdefs.h.  */
| #define PACKAGE_NAME ""
| #define PACKAGE_TARNAME ""
| #define PACKAGE_VERSION ""
| #define PACKAGE_STRING ""
| #define PACKAGE_BUGREPORT ""
| #define STDC_HEADERS 1
| #define HAVE_SYS_TYPES_H 1
| #define HAVE_SYS_STAT_H 1
| #define HAVE_STDLIB_H 1
| #define HAVE_STRING_H 1
| #define HAVE_MEMORY_H 1
| #define HAVE_STRINGS_H 1
| #define HAVE_INTTYPES_H 1
| #define HAVE_STDINT_H 1
| #define HAVE_UNISTD_H 1
| #define __EXTENSIONS__ 1
| #define _ALL_SOURCE 1
| #define _GNU_SOURCE 1
| #define _POSIX_PTHREAD_SEMANTICS 1
| #define _TANDEM_SOURCE 1
| #define __EXTENSIONS__ 1
| #define _ALL_SOURCE 1
| #define _GNU_SOURCE 1
| #define _POSIX_PTHREAD_SEMANTICS 1
| #define _TANDEM_SOURCE 1
| #define ENABLE_NLS 1
| #define PACKAGE "gdb"
| #define DEBUGDIR "/home/andrew/cs161/tools/lib/debug"
| #define DEFAULT_BFD_ARCH bfd_mips_arch
| #define DEFAULT_BFD_VEC bfd_elf32_bigmips_vec
| #define HAVE_MONSTARTUP 1
| #define HAVE__MCLEANUP 1
| #define HAVE__ETEXT 1
| #define HAVE_LIBM 1
| #define HAVE_LIBEXPAT 1
| #define HAVE_DIRENT_H 1
| #define STDC_HEADERS 1
| #define HAVE_LINK_H 1
| #define HAVE_POLL_H 1
| #define HAVE_SYS_POLL_H 1
| #define HAVE_PROC_SERVICE_H 1
| #define HAVE_THREAD_DB_H 1
| #define HAVE_GNU_LIBC_VERSION_H 1
| #define HAVE_STDDEF_H 1
| #define HAVE_STDLIB_H 1
| #define HAVE_STDINT_H 1
| #define HAVE_STRING_H 1
| #define HAVE_MEMORY_H 1
| #define HAVE_STRINGS_H 1
| #define HAVE_SYS_FILE_H 1
| #define HAVE_SYS_IOCTL_H 1
| #define HAVE_SYS_PARAM_H 1
| #define HAVE_SYS_PROCFS_H 1
| #define HAVE_SYS_PTRACE_H 1
| #define HAVE_SYS_REG_H 1
| #define HAVE_SYS_DEBUGREG_H 1
| #define HAVE_SYS_SELECT_H 1
| #define HAVE_SYS_SYSCALL_H 1
| #define HAVE_SYS_TYPES_H 1
| #define HAVE_SYS_UN_H 1
| #define HAVE_SYS_USER_H 1
| #define HAVE_SYS_WAIT_H 1
| #define HAVE_WAIT_H 1
| #define HAVE_TERMIOS_H 1
| #define HAVE_TERMIO_H 1
| #define HAVE_SGTTY_H 1
| #define HAVE_UNISTD_H 1
| #define HAVE_CURSES_H 1
| #define HAVE_NCURSES_H 1
| #define HAVE_TERM_H 1
| #define HAVE_CTYPE_H 1
| #define HAVE_TIME_H 1
| /* end confdefs.h.  */
| #include <sys/types.h>
| #include <stdint.h>
| 
| int
| main ()
| {
| if (sizeof ((uintptr_t)))
| 	  return 0;
|   ;
|   return 0;
| }
configure:12252: result: yes
configure:12260: checking for int_least32_t
configure:12290: gcc -c -fcommon -std=gnu89 -g -O2 -Wno-error  conftest.c >&5
configure:12297: $? = 0
configure:12326: gcc -c -fcommon -std=gnu89 -g -O2 -Wno-error  conftest.c >&5
conftest.c: In function 'main':
conftest.c:81:28: error: expected expression before ')' token
   81 | if (sizeof ((int_least32_t)))
      |                            ^
configure:12333: $? = 1
configure: failed program was:
| /* confdefs.h.  */
| #define PACKAGE_NAME ""
| #define PACKAGE_TARNAME ""
| #define PACKAGE_VERSION ""
| #define PACKAGE_STRING ""
| #define PACKAGE_BUGREPORT ""
| #define STDC_HEADERS 1
| #define HAVE_SYS_TYPES_H 1
| #define HAVE_SYS_STAT_H 1
| #define HAVE_STDLIB_H 1
| #define HAVE_STRING_H 1
| #define HAVE_MEMORY_H 1
| #define HAVE_STRINGS_H 1
| #define HAVE_INTTYPES_H 1
| #define HAVE_STDINT_H 1
| #define HAVE_UNISTD_H 1
| #define __EXTENSIONS__ 1
| #define _ALL_SOURCE 1
| #define _GNU_SOURCE 1
| #define _POSIX_PTHREAD_SEMANTICS 1
| #define _TANDEM_SOURCE 1
| #define __EXTENSIONS__ 1
| #define _ALL_SOURCE 1
| #define _GNU_SOURCE 1
| #define _POSIX_PTHREAD_SEMANTICS 1
| #define _TANDEM_SOURCE 1
| #define ENABLE_NLS 1
| #define PACKAGE "gdb"
| #define DEBUGDIR "/home/andrew/cs161/tools/lib/debug"
| #define DEFAULT_BFD_ARCH bfd_mips_arch
| #define DEFAULT_BFD_VEC bfd_elf32_bigmips_vec
| #define HAVE_MONSTARTUP 1
| #define HAVE__MCLEANUP 1
| #define HAVE__ETEXT 1
| #define HAVE_LIBM 1
| #define HAVE_LIBEXPAT 1
| #define HAVE_DIRENT_H 1
| #define STDC_HEADERS 1
| #define HAVE_LINK_H 1
| #define HAVE_POLL_H 1
| #define HAVE_SYS_POLL_H 1
| #define HAVE_PROC_SERVICE_H 1
| #define HAVE_THREAD_DB_H 1
| #define HAVE_GNU_LIBC_VERSION_H 1
| #define HAVE_STDDEF_H 1
| #define HAVE_STDLIB_H 1
| #define HAVE_STDINT_H 1
| #define HAVE_STRING_H 1
| #define HAVE_MEMORY_H 1
| #define HAVE_STRINGS_H 1
| #define HAVE_SYS_FILE_H 1
| #define HAVE_SYS_IOCTL_H 1
| #define HAVE_SYS_PARAM_H 1
| #define HAVE_SYS_PROCFS_H 1
| #define HAVE_SYS_PTRACE_H 1
| #define HAVE_SYS_REG_H 1
| #define HAVE_SYS_DEBUGREG_H 1
| #define HAVE_SYS_SELECT_H 1
| #define HAVE_SYS_SYSCALL_H 1
| #define HAVE_SYS_TYPES_H 1
| #define HAVE_SYS_UN_H 1
| #define HAVE_SYS_USER_H 1
| #define HAVE_SYS_WAIT_H 1
| #define HAVE_WAIT_H 1
| #define HAVE_TERMIOS_H 1
| #define HAVE_TERMIO_H 1
| #define HAVE_SGTTY_H 1
| #define HAVE_UNISTD_H 1
| #define HAVE_CURSES_H 1
| #define HAVE_NCURSES_H 1
| #define HAVE_TERM_H 1
| #define HAVE_CTYPE_H 1
| #define HAVE_TIME_H 1
| /* end confdefs.h.  */
| #include <sys/types.h>
| #include <stdint.h>
| 
| int
| main ()
| {
| if (sizeof ((int_least32_t)))
| 	  return 0;
|   ;
|   return 0;
| }
configure:12356: result: yes
configure:12364: checking for int_fast32_t
configure:12394: gcc -c -fcommon -std=gnu89 -g -O2 -Wno-error  conftest.c >&5
configure:12401: $? = 0
configure:12430: gcc -c -fcommon -std=gnu89 -g -O2 -Wno-error  conftest.c >&5
conftest.c: In function 'main':
conftest.c:81:27: error: expected expression before ')' token
   81 | if (sizeof ((int_fast32_t)))
      |                           ^
configure:12437: $? = 1
configure: failed program was:
| /* confdefs.h.  */
| #define PACKAGE_NAME ""
| #define PACKAGE_TARNAME ""
| #define PACKAGE_VERSION ""
| #define PACKAGE_STRING ""
| #define PACKAGE_BUGREPORT ""
| #define STDC_HEADERS 1
| #define HAVE_SYS_TYPES_H 1
| #define HAVE_SYS_STAT_H 1
| #define HAVE_STDLIB_H 1
| #define HAVE_STRING_H 1
| #define HAVE_MEMORY_H 1
| #define HAVE_STRINGS_H 1
| #define HAVE_INTTYPES_H 1
| #define HAVE_STDINT_H 1
| #define HAVE_UNISTD_H 1
| #define __EXTENSIONS__ 1
| #define _ALL_SOURCE 1
| #define _GNU_SOURCE 1
| #define _POSIX_PTHREAD_SEMANTICS 1
| #define _TANDEM_SOURCE 1
| #define __EXTENSIONS__ 1
| #define _ALL_SOURCE 1
| #define _GNU_SOURCE 1
| #define _POSIX_PTHREAD_SEMANTICS 1
| #define _TANDEM_SOURCE 1
| #define ENABLE_NLS 1
| #define PACKAGE "gdb"
| #define DEBUGDIR "/home/andrew/cs161/tools/lib/debug"
| #define DEFAULT_BFD_ARCH bfd_mips_arch
| #define DEFAULT_BFD_VEC bfd_elf32_bigmips_vec
| #define HAVE_MONSTARTUP 1
| #define HAVE__MCLEANUP 1
| #define HAVE__ETEXT 1
| #define HAVE_LIBM 1
| #define HAVE_LIBEXPAT 1
| #define HAVE_DIRENT_H 1
| #define STDC_HEADERS 1
| #define HAVE_LINK_H 1
| #define HAVE_POLL_H 1
| #define HAVE_SYS_POLL_H 1
| #define HAVE_PROC_SERVICE_H 1
| #define HAVE_THREAD_DB_H 1
| #define HAVE_GNU_LIBC_VERSION_H 1
| #define HAVE_STDDEF_H 1
| #define HAVE_STDLIB_H 1
| #define HAVE_STDINT_H 1
| #define HAVE_STRING_H 1
| #define HAVE_MEMORY_H 1
| #define HAVE_STRINGS_H 1
| #define HAVE_SYS_FILE_H 1
| #define HAVE_SYS_IOCTL_H 1
| #define HAVE_SYS_PARAM_H 1
| #define HAVE_SYS_PROCFS_H 1
| #define HAVE_SYS_PTRACE_H 1
| #define HAVE_SYS_REG_H 1
| #define HAVE_SYS_DEBUGREG_H 1
| #define HAVE_SYS_SELECT_H 1
| #define HAVE_SYS_SYSCALL_H 1
| #define HAVE_SYS_TYPES_H 1
| #define HAVE_SYS_UN_H 1
| #define HAVE_SYS_USER_H 1
| #define HAVE_SYS_WAIT_H 1
| #define HAVE_WAIT_H 1
| #define HAVE_TERMIOS_H 1
| #define HAVE_TERMIO_H 1
| #define HAVE_SGTTY_H 1
| #define HAVE_UNISTD_H 1
| #define HAVE_CURSES_H 1
| #define HAVE_NCURSES_H 1
| #define HAVE_TERM_H 1
| #define HAVE_CTYPE_H 1
| #define HAVE_TIME_H 1
| /* end confdefs.h.  */
| #include <sys/types.h>
| #include <stdint.h>
| 
| int
| main ()
| {
| if (sizeof ((int_fast32_t)))
| 	  return 0;
|   ;
|   return 0;
| }
configure:12460: result: yes
configure:12468: checking for uint64_t
configure:12498: gcc -c -fcommon -std=gnu89 -g -O2 -Wno-error  conftest.c >&5
configure:12505: $? = 0
configure:12534: gcc -c -fcommon -std=gnu89 -g -O2 -Wno-error  conftest.c >&5
conftest.c: In function 'main':
conftest.c:81:23: error: expected expression before ')' token
   81 | if (sizeof ((uint64_t)))
      |                       ^
configure:12541: $? = 1
configure: failed program was:
| /* confdefs.h.  */
| #define PACKAGE_NAME ""
| #define PACKAGE_TARNAME ""
| #define PACKAGE_VERSION ""
| #define PACKAGE_STRING ""
| #define PACKAGE_BUGREPORT ""
| #define STDC_HEADERS 1
| #define HAVE_SYS_TYPES_H 1
| #define HAVE_SYS_STAT_H 1
| #define HAVE_STDLIB_H 1
| #define HAVE_STRING_H 1
| #define HAVE_MEMORY_H 1
| #define HAVE_STRINGS_H 1
| #define HAVE_INTTYPES_H 1
| #define HAVE_STDINT_H 1
| #define HAVE_UNISTD_H 1
| #define __EXTENSIONS__ 1
| #define _ALL_SOURCE 1
| #define _GNU_SOURCE 1
| #define _POSIX_PTHREAD_SEMANTICS 1
| #define _TANDEM_SOURCE 1
| #define __EXTENSIONS__ 1
| #define _ALL_SOURCE 1
| #define _GNU_SOURCE 1
| #define _POSIX_PTHREAD_SEMANTICS 1
| #define _TANDEM_SOURCE 1
| #define ENABLE_NLS 1
| #define PACKAGE "gdb"
| #define DEBUGDIR "/home/andrew/cs161/tools/lib/debug"
| #define DEFAULT_BFD_ARCH bfd_mips_arch
| #define DEFAULT_BFD_VEC bfd_elf32_bigmips_vec
| #define HAVE_MONSTARTUP 1
| #define HAVE__MCLEANUP 1
| #define HAVE__ETEXT 1
| #define HAVE_LIBM 1
| #define HAVE_LIBEXPAT 1
| #define HAVE_DIRENT_H 1
| #define STDC_HEADERS 1
| #define HAVE_LINK_H 1
| #define HAVE_POLL_H 1
| #define HAVE_SYS_POLL_H 1
| #define HAVE_PROC_SERVICE_H 1
| #define HAVE_THREAD_DB_H 1
| #define HAVE_GNU_LIBC_VERSION_H 1
| #define HAVE_STDDEF_H 1
| #define HAVE_STDLIB_H 1
| #define HAVE_STDINT_H 1
| #define HAVE_STRING_H 1
| #define HAVE_MEMORY_H 1
| #define HAVE_STRINGS_H 1
| #define HAVE_SYS_FILE_H 1
| #define HAVE_SYS_IOCTL_H 1
| #define HAVE_SYS_PARAM_H 1
| #define HAVE_SYS_PROCFS_H 1
| #define HAVE_SYS_PTRACE_H 1
| #define HAVE_SYS_REG_H 1
| #define HAVE_SYS_DEBUGREG_H 1
| #define HAVE_SYS_SELECT_H 1
| #define HAVE_SYS_SYSCALL_H 1
| #define HAVE_SYS_TYPES_H 1
| #define HAVE_SYS_UN_H 1
| #define HAVE_SYS_USER_H 1
| #define HAVE_SYS_WAIT_H 1
| #define HAVE_WAIT_H 1
| #define HAVE_TERMIOS_H 1
| #define HAVE_TERMIO_H 1
| #define HAVE_SGTTY_H 1
| #define HAVE_UNISTD_H 1
| #define HAVE_CURSES_H 1
| #define HAVE_NCURSES_H 1
| #define HAVE_TERM_H 1
| #define HAVE_CTYPE_H 1
| #define HAVE_TIME_H 1
| /* end confdefs.h.  */
| #include <sys/types.h>
| #include <stdint.h>
| 
| int
| main ()
| {
| if (sizeof ((uint64_t)))
| 	  return 0;
|   ;
|   return 0;
| }
configure:12564: result: yes
configure:13110: checking what to include in gdb_stdint.h
configure:13138: result: stdint.h (already complete)
configure:15004: checking whether free is declared
configure:15055: result: yes
configure:15071: checking whether malloc is declared
configure:15122: result: yes
configure:15138: checking whether realloc is declared
configure:15189: result: yes
configure:15207: checking whether strerror is declared
configure:15258: result: yes
configure:15274: checking whether strstr is declared
configure:15325: result: yes
configure:15343: checking whether getopt is declared
configure:15394: result: yes
configure:15410: checking whether snprintf is declared
configure:15461: result: yes
configure:15477: checking whether vsnprintf is declared
configure:15528: result: yes
configure:15551: checking for struct stat.st_blocks
configure:15644: result: yes
configure:15655: checking for struct stat.st_blksize
configure:15748: result: yes
configure:15759: checking for struct sockaddr_un.sun_len
configure:15854: result: no
configure:15870: checking return type of signal handlers
configure:15920: result: void
configure:15928: checking for socklen_t
configure:16026: result: yes
configure:16037: checking for uintptr_t
configure:16131: result: yes
configure:16147: checking for an ANSI C-conforming const
configure:16244: result: yes
configure:16254: checking for inline
configure:16305: result: inline
configure:16331: checking for working alloca.h
configure:16385: result: yes
configure:16395: checking for alloca
configure:16469: result: yes
configure:16711: checking for stdlib.h
configure:16718: result: yes
configure:16711: checking for unistd.h
configure:16718: result: yes
configure:16855: checking for getpagesize
configure:16940: result: yes
configure:16951: checking for working mmap
configure:17129: result: yes
configure:17140: checking for pid_t
configure:17232: result: yes
configure:17249: checking for vfork.h
configure:17256: result: no
configure:17394: checking for fork
configure:17479: result: yes
configure:17394: checking for vfork
configure:17479: result: yes
configure:17491: checking for working fork
configure:17554: result: yes
configure:17575: checking for working vfork
configure:17716: result: yes
configure:17752: checking for canonicalize_file_name
configure:17837: result: yes
configure:17752: checking for realpath
configure:17837: result: yes
configure:17853: checking for getuid
configure:17938: result: yes
configure:17853: checking for getgid
configure:17938: result: yes
configure:17953: checking for poll
configure:18038: result: yes
configure:18053: checking for pread64
configure:18138: result: yes
configure:18153: checking for sbrk
configure:18238: result: yes
configure:18254: checking for setpgid
configure:18339: result: yes
configure:18254: checking for setpgrp
configure:18339: result: yes
configure:18356: checking for sigaction
configure:18441: result: yes
configure:18356: checking for sigprocmask
configure:18441: result: yes
configure:18356: checking for sigsetmask
configure:18441: result: yes
configure:18456: checking for socketpair
configure:18541: result: yes
configure:18556: checking for syscall
configure:18641: result: yes
configure:18656: checking for ttrace
configure:18741: result: no
configure:18756: checking for wborder
configure:18841: result: yes
configure:18867: checking whether ptrace is declared
configure:18919: result: yes
configure:18941: checking return type of ptrace
configure:18989: result: long
configure:18997: checking types of arguments for ptrace
configure:19110: result: int,int,long,long
configure:19130: checking whether setpgrp takes no argument
configure:19195: result: yes
configure:19273: checking for sigsetjmp
configure:19323: result: yes
configure:19338: checking for GNU regex
configure:19389: result: yes
configure:19412: checking for struct thread.td_pcb
configure:19511: result: no
configure:19524: checking for struct lwp
configure:19573: result: no
configure:19584: checking for struct reg in machine/reg.h
configure:19633: result: no
configure:19645: checking for struct reg.r_fs
configure:19740: result: no
configure:19750: checking for struct reg.r_gs
configure:19845: result: no
configure:19858: checking for PTRACE_GETREGS
configure:19907: result: yes
configure:19918: checking for PTRACE_GETFPXREGS
configure:19967: result: yes
configure:19978: checking for PT_GETDBREGS
configure:20028: result: no
configure:20039: checking for PT_GETXMMREGS
configure:20089: result: no
configure:20143: checking for pstatus_t in sys/procfs.h
configure:20202: result: no
configure:20205: checking for prrun_t in sys/procfs.h
configure:20264: result: no
configure:20267: checking for gregset_t in sys/procfs.h
configure:20326: result: no
configure:20329: checking for fpregset_t in sys/procfs.h
configure:20388: result: no
configure:20391: checking for prgregset_t in sys/procfs.h
configure:20450: result: yes
configure:20453: checking for prfpregset_t in sys/procfs.h
configure:20512: result: yes
configure:20515: checking for prgregset32_t in sys/procfs.h
configure:20574: result: no
configure:20577: checking for prfpregset32_t in sys/procfs.h
configure:20636: result: no
configure:20639: checking for lwpid_t in sys/procfs.h
configure:20698: result: yes
configure:20701: checking for psaddr_t in sys/procfs.h
configure:20760: result: yes
configure:20763: checking for prsysent_t in sys/procfs.h
configure:20822: result: no
configure:20825: checking for pr_sigset_t in sys/procfs.h
configure:20884: result: no
configure:20887: checking for pr_sigaction64_t in sys/procfs.h
configure:20946: result: no
configure:20949: checking for pr_siginfo64_t in sys/procfs.h
configure:21008: result: no
configure:21016: checking whether prfpregset_t type is broken
configure:21076: result: no
configure:21088: checking for PIOCSET ioctl entry in sys/procfs.h
configure:21143: result: no
configure:21409: checking for long long support in compiler
configure:21457: result: yes
configure:21469: checking for long long support in printf
configure:21536: result: yes
configure:21551: checking for long double support in compiler
configure:21592: result: yes
configure:21604: checking for long double support in printf
configure:21667: result: yes
configure:21679: checking for long double support in scanf
configure:21742: result: yes
configure:22140: checking whether <thread_db.h> has TD_NOTALLOC
configure:22190: result: yes
configure:22202: checking whether <sys/syscall.h> has __NR_tkill
configure:22252: result: yes
configure:22378: checking compiler warning flags
configure:22409: gcc -c -fcommon -std=gnu89 -g -O2 -Wno-error -Wimplicit  conftest.c >&5
configure:22416: $? = 0
configure:22409: gcc -c -fcommon -std=gnu89 -g -O2 -Wno-error -Wreturn-type  conftest.c >&5
configure:22416: $? = 0
configure:22409: gcc -c -fcommon -std=gnu89 -g -O2 -Wno-error -Wcomment  conftest.c >&5
configure:22416: $? = 0
configure:22409: gcc -c -fcommon -std=gnu89 -g -O2 -Wno-error -Wtrigraphs  conftest.c >&5
configure:22416: $? = 0
configure:22409: gcc -c -fcommon -std=gnu89 -g -O2 -Wno-error -Wformat  conftest.c >&5
configure:22416: $? = 0
configure:22409: gcc -c -fcommon -std=gnu89 -g -O2 -Wno-error -Wparentheses  conftest.c >&5
configure:22416: $? = 0
configure:22409: gcc -c -fcommon -std=gnu89 -g -O2 -Wno-error -Wpointer-arith  conftest.c >&5
configure:22416: $? = 0
configure:22409: gcc -c -fcommon -std=gnu89 -g -O2 -Wno-error -Wformat-nonliteral  conftest.c >&5
cc1: warning: '-Wformat-nonliteral' ignored without '-Wformat' [-Wformat-nonliteral]
configure:22416: $? = 0
configure:22409: gcc -c -fcommon -std=gnu89 -g -O2 -Wno-error -Wunused-label  conftest.c >&5
configure:22416: $? = 0
configure:22409: gcc -c -fcommon -std=gnu89 -g -O2 -Wno-error -Wunused-function  conftest.c >&5
configure:22416: $? = 0
configure:22409: gcc -c -fcommon -std=gnu89 -g -O2 -Wno-error -Wno-pointer-sign  conftest.c >&5
configure:22416: $? = 0
configure:22409: gcc -c -fcommon -std=gnu89 -g -O2 -Wno-error -Wuninitialized  conftest.c >&5
configure:22416: $? = 0
configure:22433: result:  -Wimplicit -Wreturn-type -Wcomment -Wtrigraphs -Wformat -Wparentheses -Wpointer-arith -Wformat-nonliteral -Wunused-label -Wunused-function -Wno-pointer-sign -Wuninitialized
configure:22440: checking for cygwin
configure:22465: result: no
configure:23551: checking for X
configure:23791: result: libraries , headers 
configure:24068: checking for iconv
configure:24184: result: yes
configure:24192: checking for iconv declaration
configure:24256: result: 
         extern size_t iconv (iconv_t cd, char * *inbuf, size_t *inbytesleft, char * *outbuf, size_t *outbytesleft);
configure:24386: creating ./config.status

## ---------------------- ##
## Running config.status. ##
## ---------------------- ##

This file was extended by config.status, which was
generated by GNU Autoconf 2.62.  Invocation command line was

  CONFIG_FILES    = 
  CONFIG_HEADERS  = 
  CONFIG_LINKS    = 
  CONFIG_COMMANDS = 
  $ ./config.status 

on andrews-laptop

config.status:25313: creating Makefile
config.status:25463: WARNING:  '/home/andrew/cs161/cs161-gdb-1.5/./gdb-6.6+cs161/gdb/Makefile.in' seems to ignore the --datarootdir setting
config.status:25313: creating .gdbinit
config.status:25313: creating config.h
config.status:25540: config.h is unchanged
config.status:25594: executing gdb_stdint.h commands
config.status:25594: executing default commands
configure:26010: === configuring in doc (/home/andrew/cs161/cs161-gdb-1.5/gdb/doc)
configure:26113: running /bin/sh /home/andrew/cs161/cs161-gdb-1.5/./gdb-6.6+cs161/gdb/doc/configure --disable-option-checking '--prefix=/home/andrew/cs161/tools'  '--build=x86_64-unknown-linux-gnu' '--host=x86_64-unknown-linux-gnu' '--target=mips-elf' '--with-stabs' '--program-transform-name=s,^,mips-elf-,; ' 'build_alias=x86_64-unknown-linux-gnu' 'host_alias=x86_64-unknown-linux-gnu' 'target_alias=mips-elf' 'CC=gcc' 'CFLAGS=-fcommon -std=gnu89 -g -O2 -Wno-error' 'LDFLAGS=' 'YACC=bison -y' --cache-file=.././config.cache --srcdir=/home/andrew/cs161/cs161-gdb-1.5/./gdb-6.6+cs161/gdb/doc
configure:26010: === configuring in testsuite (/home/andrew/cs161/cs161-gdb-1.5/gdb/testsuite)
configure:26113: running /bin/sh /home/andrew/cs161/cs161-gdb-1.5/./gdb-6.6+cs161/gdb/testsuite/configure --disable-option-checking '--prefix=/home/andrew/cs161/tools'  '--build=x86_64-unknown-linux-gnu' '--host=x86_64-unknown-linux-gnu' '--target=mips-elf' '--with-stabs' '--program-transform-name=s,^,mips-elf-,; ' 'build_alias=x86_64-unknown-linux-gnu' 'host_alias=x86_64-unknown-linux-gnu' 'target_alias=mips-elf' 'CC=gcc' 'CFLAGS=-fcommon -std=gnu89 -g -O2 -Wno-error' 'LDFLAGS=' 'YACC=bison -y' --cache-file=.././config.cache --srcdir=/home/andrew/cs161/cs161-gdb-1.5/./gdb-6.6+cs161/gdb/testsuite

## ---------------- ##
## Cache variables. ##
## ---------------- ##

ac_cv_build='x86_64-unknown-linux-gnu'
ac_cv_c_compiler_gnu='yes'
ac_cv_c_const='yes'
ac_cv_c_inline='inline'
ac_cv_env_CC_set='set'
ac_cv_env_CC_value='gcc'
ac_cv_env_CFLAGS_set='set'
ac_cv_env_CFLAGS_value='-fcommon -std=gnu89 -g -O2 -Wno-error'
ac_cv_env_CPPFLAGS_set=''
ac_cv_env_CPPFLAGS_value=''
ac_cv_env_CPP_set=''
ac_cv_env_CPP_value=''
ac_cv_env_LDFLAGS_set='set'
ac_cv_env_LDFLAGS_value=''
ac_cv_env_LIBS_set=''
ac_cv_env_LIBS_value=''
ac_cv_env_XMKMF_set=''
ac_cv_env_XMKMF_value=''
ac_cv_env_YACC_set='set'
ac_cv_env_YACC_value='bison -y'
ac_cv_env_YFLAGS_set=''
ac_cv_env_YFLAGS_value=''
ac_cv_env_build_alias_set='set'
ac_cv_env_build_alias_value='x86_64-unknown-linux-gnu'
ac_cv_env_host_alias_set='set'
ac_cv_env_host_alias_value='x86_64-unknown-linux-gnu'
ac_cv_env_target_alias_set='set'
ac_cv_env_target_alias_value='mips-elf'
ac_cv_exeext=''
ac_cv_func__mcleanup='yes'
ac_cv_func_alloca_works='yes'
ac_cv_func_canonicalize_file_name='yes'
ac_cv_func_fork='yes'
ac_cv_func_fork_works='yes'
ac_cv_func_getgid='yes'
ac_cv_func_getpagesize='yes'
ac_cv_func_getuid='yes'
ac_cv_func_mmap_fixed_mapped='yes'
ac_cv_func_monstartup='yes'
ac_cv_func_poll='yes'
ac_cv_func_pread64='yes'
ac_cv_func_realpath='yes'
ac_cv_func_sbrk='yes'
ac_cv_func_setpgid='yes'
ac_cv_func_setpgrp='yes'
ac_cv_func_setpgrp_void='yes'
ac_cv_func_sigaction='yes'
ac_cv_func_sigprocmask='yes'
ac_cv_func_sigsetmask='yes'
ac_cv_func_socketpair='yes'
ac_cv_func_syscall='yes'
ac_cv_func_ttrace='no'
ac_cv_func_vfork='yes'
ac_cv_func_vfork_works='yes'
ac_cv_func_wborder='yes'
ac_cv_func_wctype='yes'
ac_cv_have_decl_free='yes'
ac_cv_have_decl_getopt='yes'
ac_cv_have_decl_malloc='yes'
ac_cv_have_decl_ptrace='yes'
ac_cv_have_decl_realloc='yes'
ac_cv_have_decl_snprintf='yes'
ac_cv_have_decl_strerror='yes'
ac_cv_have_decl_strstr='yes'
ac_cv_have_decl_vsnprintf='yes'
ac_cv_have_x='have_x=yes	ac_x_includes='"''"'	ac_x_libraries='"''"
ac_cv_header_ctype_h='yes'
ac_cv_header_cursesX_h='no'
ac_cv_header_curses_h='yes'
ac_cv_header_dirent_dirent_h='yes'
ac_cv_header_gnu_libc_version_h='yes'
ac_cv_header_inttypes_h='yes'
ac_cv_header_libunwind_h='no'
ac_cv_header_libunwind_ia64_h='no'
ac_cv_header_link_h='yes'
ac_cv_header_machine_reg_h='no'
ac_cv_header_memory_h='yes'
ac_cv_header_minix_config_h='no'
ac_cv_header_ncurses_h='yes'
ac_cv_header_ncurses_ncurses_h='no'
ac_cv_header_ncurses_term_h='no'
ac_cv_header_nlist_h='no'
ac_cv_header_poll_h='yes'
ac_cv_header_proc_service_h='yes'
ac_cv_header_pthread_h='yes'
ac_cv_header_ptrace_h='no'
ac_cv_header_sgtty_h='yes'
ac_cv_header_stat_broken='no'
ac_cv_header_stdc='yes'
ac_cv_header_stddef_h='yes'
ac_cv_header_stdint_h='yes'
ac_cv_header_stdlib_h='yes'
ac_cv_header_string_h='yes'
ac_cv_header_strings_h='yes'
ac_cv_header_sys_debugreg_h='yes'
ac_cv_header_sys_fault_h='no'
ac_cv_header_sys_file_h='yes'
ac_cv_header_sys_filio_h='no'
ac_cv_header_sys_ioctl_h='yes'
ac_cv_header_sys_param_h='yes'
ac_cv_header_sys_poll_h='yes'
ac_cv_header_sys_proc_h='no'
ac_cv_header_sys_procfs_h='yes'
ac_cv_header_sys_ptrace_h='yes'
ac_cv_header_sys_reg_h='yes'
ac_cv_header_sys_select_h='yes'
ac_cv_header_sys_stat_h='yes'
ac_cv_header_sys_syscall_h='yes'
ac_cv_header_sys_types_h='yes'
ac_cv_header_sys_un_h='yes'
ac_cv_header_sys_user_h='yes'
ac_cv_header_sys_wait_h='yes'
ac_cv_header_term_h='yes'
ac_cv_header_termio_h='yes'
ac_cv_header_termios_h='yes'
ac_cv_header_thread_db_h='yes'
ac_cv_header_time_h='yes'
ac_cv_header_unistd_h='yes'
ac_cv_header_vfork_h='no'
ac_cv_header_wait_h='yes'
ac_cv_host='x86_64-unknown-linux-gnu'
ac_cv_lib_m_main='yes'
ac_cv_libexpat='yes'
ac_cv_member_struct_reg_r_fs='no'
ac_cv_member_struct_reg_r_gs='no'
ac_cv_member_struct_sockaddr_un_sun_len='no'
ac_cv_member_struct_stat_st_blksize='yes'
ac_cv_member_struct_stat_st_blocks='yes'
ac_cv_member_struct_thread_td_pcb='no'
ac_cv_objext='o'
ac_cv_path_EGREP='/usr/bin/grep -E'
ac_cv_path_GREP='/usr/bin/grep'
ac_cv_prog_AR='ar'
ac_cv_prog_AWK='gawk'
ac_cv_prog_CC='gcc'
ac_cv_prog_CPP='gcc -E'
ac_cv_prog_DLLTOOL='dlltool'
ac_cv_prog_RANLIB='ranlib'
ac_cv_prog_WINDRES='windres'
ac_cv_prog_YACC='bison -y'
ac_cv_prog_cc_c89=''
ac_cv_prog_cc_g='yes'
ac_cv_prog_cc_stdc=''
ac_cv_prog_egrep='grep -E'
ac_cv_safe_to_define___extensions__='yes'
ac_cv_search_gethostbyname='none required'
ac_cv_search_opendir='none required'
ac_cv_search_socketpair='none required'
ac_cv_search_strerror='none required'
ac_cv_search_tgetent='none required'
ac_cv_search_waddstr='-lncurses'
ac_cv_target='mips-unknown-elf'
ac_cv_type_int_fast32_t='yes'
ac_cv_type_int_least32_t='yes'
ac_cv_type_pid_t='yes'
ac_cv_type_signal='void'
ac_cv_type_socklen_t='yes'
ac_cv_type_u_int64_t='no'
ac_cv_type_uint64_t='yes'
ac_cv_type_uintmax_t='yes'
ac_cv_type_uintptr_t='yes'
ac_cv_var__etext='yes'
ac_cv_working_alloca_h='yes'
acl_cv_hardcode_direct='no'
acl_cv_hardcode_libdir_flag_spec='${wl}-rpath ${wl}$libdir'
acl_cv_hardcode_libdir_separator=''
acl_cv_hardcode_minus_L='no'
acl_cv_libext='a'
acl_cv_path_LD='ld'
acl_cv_prog_gnu_ld='yes'
acl_cv_rpath='done'
acl_cv_shlibext='so'
acl_cv_wl='-Wl,'
acx_cv_header_stdint='stdint.h'
acx_cv_header_stdint_kind='(already complete)'
am_cv_func_iconv='yes'
am_cv_lib_iconv='no'
am_cv_prog_cc_stdc=''
am_cv_proto_iconv='extern size_t iconv (iconv_t cd, char * *inbuf, size_t *inbytesleft, char * *outbuf, size_t *outbytesleft);'
am_cv_proto_iconv_arg1=''
bfd_cv_have_sys_procfs_type_fpregset_t='no'
bfd_cv_have_sys_procfs_type_gregset_t='no'
bfd_cv_have_sys_procfs_type_lwpid_t='yes'
bfd_cv_have_sys_procfs_type_pr_sigaction64_t='no'
bfd_cv_have_sys_procfs_type_pr_siginfo64_t='no'
bfd_cv_have_sys_procfs_type_pr_sigset_t='no'
bfd_cv_have_sys_procfs_type_prfpregset32_t='no'
bfd_cv_have_sys_procfs_type_prfpregset_t='yes'
bfd_cv_have_sys_procfs_type_prgregset32_t='no'
bfd_cv_have_sys_procfs_type_prgregset_t='yes'
bfd_cv_have_sys_procfs_type_prrun_t='no'
bfd_cv_have_sys_procfs_type_prsysent_t='no'
bfd_cv_have_sys_procfs_type_psaddr_t='yes'
bfd_cv_have_sys_procfs_type_pstatus_t='no'
gdb_cv_c_long_double='yes'
gdb_cv_c_long_long='yes'
gdb_cv_func_ptrace_args='int,int,long,long'
gdb_cv_func_ptrace_ret='long'
gdb_cv_func_sigsetjmp='yes'
gdb_cv_have_gnu_regex='yes'
gdb_cv_have_procfs_piocset='no'
gdb_cv_have_pt_getdbregs='no'
gdb_cv_have_pt_getxmmregs='no'
gdb_cv_have_ptrace_getfpxregs='yes'
gdb_cv_have_ptrace_getregs='yes'
gdb_cv_os_cygwin='no'
gdb_cv_prfpregset_t_broken='no'
gdb_cv_printf_has_long_double='yes'
gdb_cv_printf_has_long_long='yes'
gdb_cv_scanf_has_long_double='yes'
gdb_cv_struct_lwp='no'
gdb_cv_struct_reg='no'
gdb_cv_sys_syscall_h_has_tkill='yes'
gdb_cv_thread_db_h_has_td_notalloc='yes'

## ----------------- ##
## Output variables. ##
## ----------------- ##

ALLOCA=''
AR='ar'
AWK='gawk'
CATALOGS=''
CATOBJEXT='.gmo'
CC='gcc'
CFLAGS='-fcommon -std=gnu89 -g -O2 -Wno-error'
CONFIG_ALL=' all-po all-tui'
CONFIG_CLEAN=' clean-po clean-tui'
CONFIG_DEPS=' $(SUBDIR_CLI_DEPS) $(SUBDIR_MI_DEPS) $(SUBDIR_TUI_DEPS)'
CONFIG_INSTALL=' install-po install-tui'
CONFIG_LDFLAGS=''
CONFIG_OBS=' $(SUBDIR_CLI_OBS) $(SUBDIR_MI_OBS) posix-hdep.o $(SUBDIR_TUI_OBS)'
CONFIG_SRCS=' $(SUBDIR_CLI_SRCS) $(SUBDIR_MI_SRCS) $(SUBDIR_TUI_SRCS)'
CONFIG_UNINSTALL=' uninstall-po uninstall-tui'
CPP='gcc -E'
CPPFLAGS=''
DATADIRNAME='share'
DEFS='-DHAVE_CONFIG_H'
DLLTOOL='dlltool'
ECHO_C=''
ECHO_N='-n'
ECHO_T=''
EGREP='/usr/bin/grep -E'
ENABLE_CFLAGS=' $(SUBDIR_CLI_CFLAGS) $(SUBDIR_MI_CFLAGS) $(SUBDIR_TUI_CFLAGS)'
EXEEXT=''
GDBTKLIBS=''
GDBTK_CFLAGS=''
GDBTK_SRC_DIR=''
GENCAT='gencat'
GMSGFMT='/usr/bin/msgfmt'
GREP='/usr/bin/grep'
GUI_CFLAGS_X='-I/home/andrew/cs161/cs161-gdb-1.5/./gdb-6.6+cs161/gdb/../libgui/src'
HAVE_LIBEXPAT='yes'
IGNORE_SIM=''
IGNORE_SIM_OBS=''
INCINTL=''
INSTALL_DATA='/usr/bin/install -c -m 644'
INSTALL_PROGRAM='/usr/bin/install -c'
INSTALL_SCRIPT='/usr/bin/install -c'
INSTOBJEXT='.mo'
ITCLHDIR=''
ITCLLIB=''
ITCL_BUILD_INCLUDES=''
ITCL_BUILD_LIB_SPEC=''
ITCL_DEFS=''
ITCL_DEPS=''
ITCL_LIB_SPEC=''
ITCL_VERSION=''
ITKHDIR=''
ITKLIB=''
ITK_BUILD_INCLUDES=''
ITK_BUILD_LIB_SPEC=''
ITK_DEFS=''
ITK_DEPS=''
ITK_LIB_SPEC=''
ITK_VERSION=''
LDFLAGS=''
LIBEXPAT='-lexpat'
LIBGUI='../libgui/src/libgui.a'
LIBICONV=''
LIBINTL=''
LIBINTL_DEP=''
LIBOBJS=''
LIBS='-lncurses -lm '
LN_S='ln -s'
LTLIBEXPAT='-lexpat'
LTLIBOBJS=''
MAINT='#'
MAINTAINER_MODE_FALSE=''
MAINTAINER_MODE_TRUE='#'
MIG=''
OBJEXT='o'
PACKAGE='gdb'
PACKAGE_BUGREPORT=''
PACKAGE_NAME=''
PACKAGE_STRING=''
PACKAGE_TARNAME=''
PACKAGE_VERSION=''
PATH_SEPARATOR=':'
POSUB='po'
PROFILE_CFLAGS=''
RANLIB='ranlib'
SER_HARDWIRE='ser-base.o ser-unix.o ser-pipe.o ser-tcp.o'
SHELL='/bin/sh'
TARGET_SYSTEM_ROOT=''
TARGET_SYSTEM_ROOT_DEFINE='-DTARGET_SYSTEM_ROOT=\"\"'
TCLHDIR=''
TCL_BUILD_LIB_SPEC=''
TCL_CC=''
TCL_CC_SEARCH_FLAGS=''
TCL_COMPAT_OBJS=''
TCL_DEFS=''
TCL_DEPS=''
TCL_DL_LIBS=''
TCL_LD_FLAGS=''
TCL_LD_SEARCH_FLAGS=''
TCL_LIB_SPEC=''
TCL_LIB_VERSIONS_OK=''
TCL_MAJOR_VERSION=''
TCL_MINOR_VERSION=''
TCL_RANLIB=''
TCL_SHLIB_CFLAGS=''
TCL_SHLIB_LD=''
TCL_SHLIB_LD_LIBS=''
TCL_SHLIB_SUFFIX=''
TCL_VERSION=''
TKHDIR=''
TK_BUILD_INCLUDES=''
TK_BUILD_LIB_SPEC=''
TK_DEFS=''
TK_DEPS=''
TK_LIB_SPEC=''
TK_VERSION=''
TK_XINCLUDES=''
TK_XLIBSW=''
USE_NLS='yes'
WARN_CFLAGS=' -Wimplicit -Wreturn-type -Wcomment -Wtrigraphs -Wformat -Wparentheses -Wpointer-arith -Wformat-nonliteral -Wunused-label -Wunused-function -Wno-pointer-sign -Wuninitialized'
WERROR_CFLAGS=''
WIN32LDAPP=''
WIN32LIBS=''
WINDRES='windres'
XGETTEXT='/usr/bin/xgettext'
XMKMF=''
X_CFLAGS=''
X_LDFLAGS=''
X_LIBS=''
YACC='bison -y'
YFLAGS=''
ac_ct_CC=''
bindir='${exec_prefix}/bin'
build='x86_64-unknown-linux-gnu'
build_alias='x86_64-unknown-linux-gnu'
build_cpu='x86_64'
build_os='linux-gnu'
build_vendor='unknown'
datadir='${datarootdir}'
datarootdir='${prefix}/share'
docdir='${datarootdir}/doc/${PACKAGE}'
dvidir='${docdir}'
exec_prefix='${prefix}'
frags=' /home/andrew/cs161/cs161-gdb-1.5/./gdb-6.6+cs161/gdb/config/mips/embed.mt'
host='x86_64-unknown-linux-gnu'
host_alias='x86_64-unknown-linux-gnu'
host_cpu='x86_64'
host_os='linux-gnu'
host_vendor='unknown'
htmldir='${docdir}'
includedir='${prefix}/include'
infodir='${datarootdir}/info'
libdir='${exec_prefix}/lib'
libexecdir='${exec_prefix}/libexec'
localedir='${datadir}/locale'
localstatedir='${prefix}/var'
mandir='${datarootdir}/man'
nm_h=''
oldincludedir='/usr/include'
pdfdir='${docdir}'
prefix='/home/andrew/cs161/tools'
program_transform_name='s,^,mips-elf-,; '
psdir='${docdir}'
sbindir='${exec_prefix}/sbin'
sharedstatedir='${prefix}/com'
subdirs=' doc testsuite'
sysconfdir='${prefix}/etc'
target='mips-unknown-elf'
target_alias='mips-elf'
target_cpu='mips'
target_os='elf'
target_subdir='mips-elf/'
target_vendor='unknown'
tm_h=''
xm_h=''

## ------------------- ##
## File substitutions. ##
## ------------------- ##

host_makefile_frag='/dev/null'
target_makefile_frag='/home/andrew/cs161/cs161-gdb-1.5/./gdb-6.6+cs161/gdb/config/mips/embed.mt'

## ----------- ##
## confdefs.h. ##
## ----------- ##

#define PACKAGE_NAME ""
#define PACKAGE_TARNAME ""
#define PACKAGE_VERSION ""
#define PACKAGE_STRING ""
#define PACKAGE_BUGREPORT ""
#define STDC_HEADERS 1
#define HAVE_SYS_TYPES_H 1
#define HAVE_SYS_STAT_H 1
#define HAVE_STDLIB_H 1
#define HAVE_STRING_H 1
#define HAVE_MEMORY_H 1
#define HAVE_STRINGS_H 1
#define HAVE_INTTYPES_H 1
#define HAVE_STDINT_H 1
#define HAVE_UNISTD_H 1
#define __EXTENSIONS__ 1
#define _ALL_SOURCE 1
#define _GNU_SOURCE 1
#define _POSIX_PTHREAD_SEMANTICS 1
#define _TANDEM_SOURCE 1
#define __EXTENSIONS__ 1
#define _ALL_SOURCE 1
#define _GNU_SOURCE 1
#define _POSIX_PTHREAD_SEMANTICS 1
#define _TANDEM_SOURCE 1
#define ENABLE_NLS 1
#define PACKAGE "gdb"
#define DEBUGDIR "/home/andrew/cs161/tools/lib/debug"
#define DEFAULT_BFD_ARCH bfd_mips_arch
#define DEFAULT_BFD_VEC bfd_elf32_bigmips_vec
#define HAVE_MONSTARTUP 1
#define HAVE__MCLEANUP 1
#define HAVE__ETEXT 1
#define HAVE_LIBM 1
#define HAVE_LIBEXPAT 1
#define HAVE_DIRENT_H 1
#define STDC_HEADERS 1
#define HAVE_LINK_H 1
#define HAVE_POLL_H 1
#define HAVE_SYS_POLL_H 1
#define HAVE_PROC_SERVICE_H 1
#define HAVE_THREAD_DB_H 1
#define HAVE_GNU_LIBC_VERSION_H 1
#define HAVE_STDDEF_H 1
#define HAVE_STDLIB_H 1
#define HAVE_STDINT_H 1
#define HAVE_STRING_H 1
#define HAVE_MEMORY_H 1
#define HAVE_STRINGS_H 1
#define HAVE_SYS_FILE_H 1
#define HAVE_SYS_IOCTL_H 1
#define HAVE_SYS_PARAM_H 1
#define HAVE_SYS_PROCFS_H 1
#define HAVE_SYS_PTRACE_H 1
#define HAVE_SYS_REG_H 1
#define HAVE_SYS_DEBUGREG_H 1
#define HAVE_SYS_SELECT_H 1
#define HAVE_SYS_SYSCALL_H 1
#define HAVE_SYS_TYPES_H 1
#define HAVE_SYS_UN_H 1
#define HAVE_SYS_USER_H 1
#define HAVE_SYS_WAIT_H 1
#define HAVE_WAIT_H 1
#define HAVE_TERMIOS_H 1
#define HAVE_TERMIO_H 1
#define HAVE_SGTTY_H 1
#define HAVE_UNISTD_H 1
#define HAVE_CURSES_H 1
#define HAVE_NCURSES_H 1
#define HAVE_TERM_H 1
#define HAVE_CTYPE_H 1
#define HAVE_TIME_H 1
#define HAVE_DECL_FREE 1
#define HAVE_DECL_MALLOC 1
#define HAVE_DECL_REALLOC 1
#define HAVE_DECL_STRERROR 1
#define HAVE_DECL_STRSTR 1
#define HAVE_DECL_GETOPT 1
#define HAVE_DECL_SNPRINTF 1
#define HAVE_DECL_VSNPRINTF 1
#define HAVE_STRUCT_STAT_ST_BLOCKS 1
#define HAVE_STRUCT_STAT_ST_BLKSIZE 1
#define RETSIGTYPE void
#define HAVE_SOCKLEN_T 1
#define HAVE_UINTPTR_T 1
#define HAVE_ALLOCA_H 1
#define HAVE_ALLOCA 1
#define HAVE_STDLIB_H 1
#define HAVE_UNISTD_H 1
#define HAVE_GETPAGESIZE 1
#define HAVE_MMAP 1
#define HAVE_FORK 1
#define HAVE_VFORK 1
#define HAVE_WORKING_VFORK 1
#define HAVE_WORKING_FORK 1
#define HAVE_CANONICALIZE_FILE_NAME 1
#define HAVE_REALPATH 1
#define HAVE_GETUID 1
#define HAVE_GETGID 1
#define HAVE_POLL 1
#define HAVE_PREAD64 1
#define HAVE_SBRK 1
#define HAVE_SETPGID 1
#define HAVE_SETPGRP 1
#define HAVE_SIGACTION 1
#define HAVE_SIGPROCMASK 1
#define HAVE_SIGSETMASK 1
#define HAVE_SOCKETPAIR 1
#define HAVE_SYSCALL 1
#define HAVE_WBORDER 1
#define HAVE_DECL_PTRACE 1
#define PTRACE_TYPE_RET long
#define PTRACE_TYPE_ARG3 long
#define SETPGRP_VOID 1
#define HAVE_SIGSETJMP 1
#define HAVE_PTRACE_GETREGS 1
#define HAVE_PTRACE_GETFPXREGS 1
#define HAVE_PRGREGSET_T 1
#define HAVE_PRFPREGSET_T 1
#define HAVE_LWPID_T 1
#define HAVE_PSADDR_T 1
#define CC_HAS_LONG_LONG 1
#define PRINTF_HAS_LONG_LONG 1
#define HAVE_LONG_DOUBLE 1
#define PRINTF_HAS_LONG_DOUBLE 1
#define SCANF_HAS_LONG_DOUBLE 1
#define THREAD_DB_HAS_TD_NOTALLOC 1
#define HAVE_TKILL_SYSCALL 1
#define WITH_SIM 1
#define GDB_HOST_FLOAT_FORMAT 0
#define GDB_HOST_DOUBLE_FORMAT 0
#define GDB_HOST_LONG_DOUBLE_FORMAT 0
#define GDB_DEFAULT_HOST_CHARSET "ISO-8859-1"
#define HAVE_ICONV 1
#define ICONV_CONST 

configure: exit 0

## ---------------------- ##
## Running config.status. ##
## ---------------------- ##

This file was extended by config.status, which was
generated by GNU Autoconf 2.62.  Invocation command line was

  CONFIG_FILES    = 
  CONFIG_HEADERS  = config.h:config.in
  CONFIG_LINKS    = 
  CONFIG_COMMANDS = default
  $ config.status 

on andrews-laptop

config.status:25313: creating config.h
config.status:25540: config.h is unchanged
config.status:25594: executing default commands
